8
2.71066
2
1.00000 1.00000 1.00000 3 0
1.50000 1.50000 1.50000 3 0

16
2.71066
2
1.00000 1.00000 1.00000 3 1
1.50000 1.50000 1.50000 3 0

16
2.71066
2
1.00000 1.00000 1.00000 3 2
1.50000 1.50000 1.50000 3 0

16
2.71066
2
1.00000 1.00000 1.00000 3 3
1.50000 1.50000 1.50000 3 0

8
2.71066
2
1.00000 1.00000 1.00000 3 1
1.50000 1.50000 1.50000 3 1

16
2.71066
2
1.00000 1.00000 1.00000 3 2
1.50000 1.50000 1.50000 3 1

16
2.71066
2
1.00000 1.00000 1.00000 3 3
1.50000 1.50000 1.50000 3 1

8
2.71066
2
1.00000 1.00000 1.00000 3 2
1.50000 1.50000 1.50000 3 2

16
2.71066
2
1.00000 1.00000 1.00000 3 3
1.50000 1.50000 1.50000 3 2

8
2.71066
2
1.00000 1.00000 1.00000 3 3
1.50000 1.50000 1.50000 3 3

6
3.13000
2
0.50000 0.50000 0.50000 3 0
0.50000 0.50000 -0.50000 3 0

12
3.13000
2
0.50000 0.50000 0.50000 3 1
0.50000 0.50000 -0.50000 3 0

12
3.13000
2
0.50000 0.50000 0.50000 3 2
0.50000 0.50000 -0.50000 3 0

12
3.13000
2
0.50000 0.50000 0.50000 3 3
0.50000 0.50000 -0.50000 3 0

6
3.13000
2
0.50000 0.50000 0.50000 3 1
0.50000 0.50000 -0.50000 3 1

12
3.13000
2
0.50000 0.50000 0.50000 3 2
0.50000 0.50000 -0.50000 3 1

12
3.13000
2
0.50000 0.50000 0.50000 3 3
0.50000 0.50000 -0.50000 3 1

6
3.13000
2
0.50000 0.50000 0.50000 3 2
0.50000 0.50000 -0.50000 3 2

12
3.13000
2
0.50000 0.50000 0.50000 3 3
0.50000 0.50000 -0.50000 3 2

6
3.13000
2
0.50000 0.50000 0.50000 3 3
0.50000 0.50000 -0.50000 3 3

12
4.42649
2
0.50000 0.50000 0.50000 3 0
0.50000 -0.50000 -0.50000 3 0

24
4.42649
2
0.50000 0.50000 0.50000 3 1
0.50000 -0.50000 -0.50000 3 0

24
4.42649
2
0.50000 0.50000 0.50000 3 2
0.50000 -0.50000 -0.50000 3 0

24
4.42649
2
0.50000 0.50000 0.50000 3 3
0.50000 -0.50000 -0.50000 3 0

12
4.42649
2
0.50000 0.50000 0.50000 3 1
0.50000 -0.50000 -0.50000 3 1

24
4.42649
2
0.50000 0.50000 0.50000 3 2
0.50000 -0.50000 -0.50000 3 1

24
4.42649
2
0.50000 0.50000 0.50000 3 3
0.50000 -0.50000 -0.50000 3 1

12
4.42649
2
0.50000 0.50000 0.50000 3 2
0.50000 -0.50000 -0.50000 3 2

24
4.42649
2
0.50000 0.50000 0.50000 3 3
0.50000 -0.50000 -0.50000 3 2

12
4.42649
2
0.50000 0.50000 0.50000 3 3
0.50000 -0.50000 -0.50000 3 3

24
3.13000
3
0.50000 0.50000 0.50000 3 0
0.00000 0.00000 0.00000 3 0
0.50000 0.50000 -0.50000 3 0

48
3.13000
3
0.50000 0.50000 0.50000 3 1
0.00000 0.00000 0.00000 3 0
0.50000 0.50000 -0.50000 3 0

48
3.13000
3
0.50000 0.50000 0.50000 3 2
0.00000 0.00000 0.00000 3 0
0.50000 0.50000 -0.50000 3 0

48
3.13000
3
0.50000 0.50000 0.50000 3 3
0.00000 0.00000 0.00000 3 0
0.50000 0.50000 -0.50000 3 0

24
3.13000
3
0.50000 0.50000 0.50000 3 0
0.00000 0.00000 0.00000 3 1
0.50000 0.50000 -0.50000 3 0

48
3.13000
3
0.50000 0.50000 0.50000 3 1
0.00000 0.00000 0.00000 3 1
0.50000 0.50000 -0.50000 3 0

48
3.13000
3
0.50000 0.50000 0.50000 3 2
0.00000 0.00000 0.00000 3 1
0.50000 0.50000 -0.50000 3 0

48
3.13000
3
0.50000 0.50000 0.50000 3 3
0.00000 0.00000 0.00000 3 1
0.50000 0.50000 -0.50000 3 0

24
3.13000
3
0.50000 0.50000 0.50000 3 0
0.00000 0.00000 0.00000 3 2
0.50000 0.50000 -0.50000 3 0

48
3.13000
3
0.50000 0.50000 0.50000 3 1
0.00000 0.00000 0.00000 3 2
0.50000 0.50000 -0.50000 3 0

48
3.13000
3
0.50000 0.50000 0.50000 3 2
0.00000 0.00000 0.00000 3 2
0.50000 0.50000 -0.50000 3 0

48
3.13000
3
0.50000 0.50000 0.50000 3 3
0.00000 0.00000 0.00000 3 2
0.50000 0.50000 -0.50000 3 0

24
3.13000
3
0.50000 0.50000 0.50000 3 0
0.00000 0.00000 0.00000 3 3
0.50000 0.50000 -0.50000 3 0

48
3.13000
3
0.50000 0.50000 0.50000 3 1
0.00000 0.00000 0.00000 3 3
0.50000 0.50000 -0.50000 3 0

48
3.13000
3
0.50000 0.50000 0.50000 3 2
0.00000 0.00000 0.00000 3 3
0.50000 0.50000 -0.50000 3 0

48
3.13000
3
0.50000 0.50000 0.50000 3 3
0.00000 0.00000 0.00000 3 3
0.50000 0.50000 -0.50000 3 0

24
3.13000
3
0.50000 0.50000 0.50000 3 1
0.00000 0.00000 0.00000 3 0
0.50000 0.50000 -0.50000 3 1

48
3.13000
3
0.50000 0.50000 0.50000 3 2
0.00000 0.00000 0.00000 3 0
0.50000 0.50000 -0.50000 3 1

48
3.13000
3
0.50000 0.50000 0.50000 3 3
0.00000 0.00000 0.00000 3 0
0.50000 0.50000 -0.50000 3 1

24
3.13000
3
0.50000 0.50000 0.50000 3 1
0.00000 0.00000 0.00000 3 1
0.50000 0.50000 -0.50000 3 1

48
3.13000
3
0.50000 0.50000 0.50000 3 2
0.00000 0.00000 0.00000 3 1
0.50000 0.50000 -0.50000 3 1

48
3.13000
3
0.50000 0.50000 0.50000 3 3
0.00000 0.00000 0.00000 3 1
0.50000 0.50000 -0.50000 3 1

24
3.13000
3
0.50000 0.50000 0.50000 3 1
0.00000 0.00000 0.00000 3 2
0.50000 0.50000 -0.50000 3 1

48
3.13000
3
0.50000 0.50000 0.50000 3 2
0.00000 0.00000 0.00000 3 2
0.50000 0.50000 -0.50000 3 1

48
3.13000
3
0.50000 0.50000 0.50000 3 3
0.00000 0.00000 0.00000 3 2
0.50000 0.50000 -0.50000 3 1

24
3.13000
3
0.50000 0.50000 0.50000 3 1
0.00000 0.00000 0.00000 3 3
0.50000 0.50000 -0.50000 3 1

48
3.13000
3
0.50000 0.50000 0.50000 3 2
0.00000 0.00000 0.00000 3 3
0.50000 0.50000 -0.50000 3 1

48
3.13000
3
0.50000 0.50000 0.50000 3 3
0.00000 0.00000 0.00000 3 3
0.50000 0.50000 -0.50000 3 1

24
3.13000
3
0.50000 0.50000 0.50000 3 2
0.00000 0.00000 0.00000 3 0
0.50000 0.50000 -0.50000 3 2

48
3.13000
3
0.50000 0.50000 0.50000 3 3
0.00000 0.00000 0.00000 3 0
0.50000 0.50000 -0.50000 3 2

24
3.13000
3
0.50000 0.50000 0.50000 3 2
0.00000 0.00000 0.00000 3 1
0.50000 0.50000 -0.50000 3 2

48
3.13000
3
0.50000 0.50000 0.50000 3 3
0.00000 0.00000 0.00000 3 1
0.50000 0.50000 -0.50000 3 2

24
3.13000
3
0.50000 0.50000 0.50000 3 2
0.00000 0.00000 0.00000 3 2
0.50000 0.50000 -0.50000 3 2

48
3.13000
3
0.50000 0.50000 0.50000 3 3
0.00000 0.00000 0.00000 3 2
0.50000 0.50000 -0.50000 3 2

24
3.13000
3
0.50000 0.50000 0.50000 3 2
0.00000 0.00000 0.00000 3 3
0.50000 0.50000 -0.50000 3 2

48
3.13000
3
0.50000 0.50000 0.50000 3 3
0.00000 0.00000 0.00000 3 3
0.50000 0.50000 -0.50000 3 2

24
3.13000
3
0.50000 0.50000 0.50000 3 3
0.00000 0.00000 0.00000 3 0
0.50000 0.50000 -0.50000 3 3

24
3.13000
3
0.50000 0.50000 0.50000 3 3
0.00000 0.00000 0.00000 3 1
0.50000 0.50000 -0.50000 3 3

24
3.13000
3
0.50000 0.50000 0.50000 3 3
0.00000 0.00000 0.00000 3 2
0.50000 0.50000 -0.50000 3 3

24
3.13000
3
0.50000 0.50000 0.50000 3 3
0.00000 0.00000 0.00000 3 3
0.50000 0.50000 -0.50000 3 3

